View/DebitarRefeicao$1.class
View/Debitar$2.class
View/Visao$15.class
View/CadastroProduto$6.class
View/NewConsulta$7.class
Model/DaoPessoa.class
View/NewConsulta.class
View/NewConsulta$1.class
View/Login$4$1.class
View/Visao$13.class
View/AtualizarProduto$3.class
View/Visao$18.class
View/Cliente$2.class
View/NewConsulta$4.class
View/AtualizarProduto$6.class
View/CategoriaManager$3.class
View/CategoriaInsert$1.class
View/NewConsulta$2.class
Control/Metadata.class
View/CadastroProduto$5.class
entities/Produto.class
View/NewConsulta$6.class
View/AtualizarProduto$1.class
View/DebitarRefeicao$4.class
Config/DatabaseConfig.class
View/JFrameReport$1.class
Model/DaoProduto.class
View/Creditar2$1.class
Control/GerenciaTransacoes.class
View/Visao$8.class
View/Cliente$9.class
View/AtualizarProduto$7.class
View/CategoriaManager.class
View/Debitar$6.class
View/NewConsulta$9.class
View/CompraProduto$1.class
View/NewConsulta$3.class
View/Credito$4.class
View/CadastroProduto$7.class
View/CategoriaManager$2.class
View/AtualizarProduto$5.class
View/Visao$6.class
View/Visao$1.class
View/Creditar2$7.class
View/Visao$10.class
View/CompraProduto$4.class
View/CategoriaInsert.class
View/CategoriaInsert$4.class
View/Debitar$5.class
View/CompraProduto$5.class
entities/Pessoa.class
Model/HibernateFactory.class
View/Visao$7.class
Model/DaoCategoria.class
View/Consulta$1.class
View/Debitar$1.class
View/Login$4.class
Control/ControleProduto.class
View/CategoriaInsert$2.class
View/NewConsulta$5.class
View/CategoriaManager$1.class
View/Debitar.class
View/AtualizarProduto$8.class
View/Visao$4.class
View/Creditar2$4.class
View/CategoriaManager$5.class
entities/Categoria.class
View/Creditar2$5.class
View/Consulta$2.class
View/DebitarRefeicao$2.class
View/Credito$1.class
View/CompraProduto.class
View/Cliente$7.class
View/Creditar2$2.class
View/Sobre.class
View/Cliente.class
Model/Operator.class
View/DebitarRefeicao$6.class
Model/HibernateDao$1.class
View/Creditar2$3.class
View/NewConsulta$8.class
View/Visao$19.class
View/Login.class
View/Cliente$1.class
View/Cliente$5.class
View/Visao$14.class
View/Debitar$3.class
View/Visao$3.class
View/CadastroProduto$2.class
View/Visao$9.class
Control/GerenciaLogin.class
View/CompraProduto$3.class
View/AtualizarProduto.class
View/Visao$5.class
View/Debitar$8.class
View/Consulta$3.class
View/DebitarRefeicao.class
View/DebitarRefeicao$5.class
View/Visao$2.class
View/Consulta$5.class
View/CategoriaManager$4.class
View/Creditar2.class
View/Credito$3.class
entities/Compra.class
View/Consulta.class
View/Credito.class
View/Login$3.class
View/CategoriaInsert$3.class
View/Credito$2.class
View/AtualizarProduto$2.class
Model/HibernateDao.class
View/AtualizarProduto$4.class
View/Cliente$8.class
View/AtualizarProduto$9.class
View/Cliente$3.class
Model/DBConnection.class
View/CompraProduto$2.class
View/NewConsulta$10.class
View/Visao$17.class
View/JFrameReport.class
View/Debitar$9.class
View/CadastroProduto$3.class
View/Login$1.class
Model/Filter.class
View/Visao$11.class
View/Sobre$2.class
View/Visao.class
View/Debitar$7.class
View/Cliente$4.class
Control/FachadaBanco.class
View/CadastroProduto$1.class
Model/DaoCompra.class
View/Creditar2$6.class
View/Debitar$4.class
View/Visao$12.class
View/Sobre$1.class
View/Visao$16.class
View/CadastroProduto$4.class
View/CategoriaInsert$5.class
View/Consulta$4.class
View/Cliente$6.class
View/CadastroProduto.class
View/DebitarRefeicao$3.class
View/Login$2.class
Model/Dao.class
