/home/todos/alunos/cm/a1294121/Área de Trabalho/Grupo3.git/Projeto/src/main/java/Model/DaoPessoa.java
/home/todos/alunos/cm/a1294121/Área de Trabalho/Grupo3.git/Projeto/src/main/java/Config/DatabaseConfig.java
/home/todos/alunos/cm/a1294121/Área de Trabalho/Grupo3.git/Projeto/src/main/java/Control/FachadaBanco.java
/home/todos/alunos/cm/a1294121/Área de Trabalho/Grupo3.git/Projeto/src/main/java/Control/Metadata.java
/home/todos/alunos/cm/a1294121/Área de Trabalho/Grupo3.git/Projeto/src/main/java/View/Cliente.java
/home/todos/alunos/cm/a1294121/Área de Trabalho/Grupo3.git/Projeto/src/main/java/View/Credito.java
/home/todos/alunos/cm/a1294121/Área de Trabalho/Grupo3.git/Projeto/src/main/java/View/AtualizarProduto.java
/home/todos/alunos/cm/a1294121/Área de Trabalho/Grupo3.git/Projeto/src/main/java/View/JFrameReport.java
/home/todos/alunos/cm/a1294121/Área de Trabalho/Grupo3.git/Projeto/src/main/java/Model/HibernateFactory.java
/home/todos/alunos/cm/a1294121/Área de Trabalho/Grupo3.git/Projeto/src/main/java/View/CategoriaManager.java
/home/todos/alunos/cm/a1294121/Área de Trabalho/Grupo3.git/Projeto/src/main/java/entities/Pessoa.java
/home/todos/alunos/cm/a1294121/Área de Trabalho/Grupo3.git/Projeto/src/main/java/View/DebitarRefeicao.java
/home/todos/alunos/cm/a1294121/Área de Trabalho/Grupo3.git/Projeto/src/main/java/entities/Compra.java
/home/todos/alunos/cm/a1294121/Área de Trabalho/Grupo3.git/Projeto/src/main/java/View/Consulta.java
/home/todos/alunos/cm/a1294121/Área de Trabalho/Grupo3.git/Projeto/src/main/java/Model/DBConnection.java
/home/todos/alunos/cm/a1294121/Área de Trabalho/Grupo3.git/Projeto/src/main/java/View/NewConsulta.java
/home/todos/alunos/cm/a1294121/Área de Trabalho/Grupo3.git/Projeto/src/main/java/entities/Categoria.java
/home/todos/alunos/cm/a1294121/Área de Trabalho/Grupo3.git/Projeto/src/main/java/View/CategoriaInsert.java
/home/todos/alunos/cm/a1294121/Área de Trabalho/Grupo3.git/Projeto/src/main/java/View/Debitar.java
/home/todos/alunos/cm/a1294121/Área de Trabalho/Grupo3.git/Projeto/src/main/java/View/CadastroProduto.java
/home/todos/alunos/cm/a1294121/Área de Trabalho/Grupo3.git/Projeto/src/main/java/Model/HibernateDao.java
/home/todos/alunos/cm/a1294121/Área de Trabalho/Grupo3.git/Projeto/src/main/java/Control/GerenciaLogin.java
/home/todos/alunos/cm/a1294121/Área de Trabalho/Grupo3.git/Projeto/src/main/java/Model/DaoCategoria.java
/home/todos/alunos/cm/a1294121/Área de Trabalho/Grupo3.git/Projeto/src/main/java/View/CompraProduto.java
/home/todos/alunos/cm/a1294121/Área de Trabalho/Grupo3.git/Projeto/src/main/java/Control/GerenciaTransacoes.java
/home/todos/alunos/cm/a1294121/Área de Trabalho/Grupo3.git/Projeto/src/main/java/Model/Operator.java
/home/todos/alunos/cm/a1294121/Área de Trabalho/Grupo3.git/Projeto/src/main/java/Model/DaoCompra.java
/home/todos/alunos/cm/a1294121/Área de Trabalho/Grupo3.git/Projeto/src/main/java/View/Visao.java
/home/todos/alunos/cm/a1294121/Área de Trabalho/Grupo3.git/Projeto/src/main/java/Model/Dao.java
/home/todos/alunos/cm/a1294121/Área de Trabalho/Grupo3.git/Projeto/src/main/java/Model/Filter.java
/home/todos/alunos/cm/a1294121/Área de Trabalho/Grupo3.git/Projeto/src/main/java/Control/ControleProduto.java
/home/todos/alunos/cm/a1294121/Área de Trabalho/Grupo3.git/Projeto/src/main/java/entities/Produto.java
/home/todos/alunos/cm/a1294121/Área de Trabalho/Grupo3.git/Projeto/src/main/java/View/Creditar2.java
/home/todos/alunos/cm/a1294121/Área de Trabalho/Grupo3.git/Projeto/src/main/java/View/Login.java
/home/todos/alunos/cm/a1294121/Área de Trabalho/Grupo3.git/Projeto/src/main/java/View/Sobre.java
/home/todos/alunos/cm/a1294121/Área de Trabalho/Grupo3.git/Projeto/src/main/java/Model/DaoProduto.java
